{
 "n_records": 597,
 "n_verified": 582,
 "n_unverified": 15,
 "n_yaml_errors": 0,
 "n_duplicate_ids": 47,
 "threshold": 0.72
}
  !! cespedes2016hchs: UNVERIFIED doi=10.1093/aje/kwv251 pmid=26940117 sim=0.014
  !! shi2019adrb1: UNVERIFIED doi=10.1016/j.neuron.2019.07.026 pmid=31473062 sim=0.092
  !! stager2023_adolescent_crp: UNVERIFIED doi=10.1016/j.jadohealth.2023.05.018 pmid=37395694 sim=0.676
  !! who2007hfaboys: UNVERIFIED doi=None pmid=None sim=None
  !! cdc_suicide_rates: UNVERIFIED doi=None pmid=None sim=None
  !! blattner2020: UNVERIFIED doi=10.3233/JAD-191122 pmid=32250301 sim=0.519
  !! lucey2018: UNVERIFIED doi=10.1002/ana.25117 pmid=29220873 sim=0.282
  !! ooms2014: UNVERIFIED doi=10.1001/jamaneurol.2014.1173 pmid=24887018 sim=0.559
  !! spira2013: UNVERIFIED doi=10.1001/jamaneurol.2013.4258 pmid=24145859 sim=0.355
  !! winer2020: UNVERIFIED doi=10.1016/j.cub.2020.08.017 pmid=32888482 sim=0.625
  !! winer2021: UNVERIFIED doi=10.1001/jamaneurol.2021.2876 pmid=34459862 sim=0.524
  !! son2020: UNVERIFIED doi=10.2147/DMSO.S247898 pmid=32431530 sim=0.008
  !! nsduh2024_mde_male_18_25: UNVERIFIED doi=None pmid=None sim=None
  !! ssa2023_periodlifetable: UNVERIFIED doi=None pmid=None sim=None
  !! dama2025: UNVERIFIED doi=10.1177/07067437251328308 pmid=40129277 sim=0.468
