### c6553cd14443ae https://www.1point3acres.com/bbs/thread-1042392-1-1.html
    snapshots=0 [] note=ok
### 763fa06c7247a2 https://www.1point3acres.com/bbs/thread-1144112-1-1.html
    snapshots=1 ['20250912084409'] note=ok
    20250912084409: 25593B  prefix=0.2% (1/413)
### 36d7b6d1250340 https://www.1point3acres.com/bbs/thread-934179-1-1.html
    snapshots=0 [] note=ok
### e53a4249b6b409 https://www.1point3acres.com/bbs/thread-1022110-1-1.html
    snapshots=1 ['20231017071522'] note=ok
    20231017071522: 20924B  prefix=4.2% (2/48)
### a6e874dd06850b https://www.1point3acres.com/bbs/thread-1141422-1-1.html
    snapshots=0 [] note=ok
### 51ca13558f45e3 https://www.1point3acres.com/bbs/tag/twosigma-1247-8.html
    snapshots=0 [] note=ok
### a251ce474a305f https://www.1point3acres.com/bbs/tag/imc-2057-3.html
    snapshots=0 [] note=ok
### 8b33567e30f80a https://www.glassdoor.com/Interview/DRW-Interview-Questions-E235115.htm
    snapshots=4 ['20210119070630', '20220126123558', '20221212063546', '20230207161139'] note=ok
    20230207161139: 687269B  prefix=8.9% (5/56)
    20221212063546: 161318B  prefix=3.6% (2/56)
    20220126123558: 771195B  prefix=8.9% (5/56)
    20210119070630: 290025B  prefix=8.9% (5/56)
### 6738b3c866f5b1 https://www.glassdoor.com/Interview/Jane-Street-Quantitative-Researcher-Interview-Questions-EI_IE255549.0,11_KO12,35.htm
    snapshots=4 ['20151106062302', '20190721105651', '20210123235326', '20220725094354'] note=ok
    20220725094354: 160794B  prefix=3.3% (2/60)
    20210123235326: 286032B  prefix=18.3% (11/60)
    20190721105651: 261040B  prefix=23.3% (14/60)
    20151106062302: 155439B  prefix=23.3% (14/60)
WAYBACK_DONE
