288 queries
  Akuna 网测                           1 rows   1 new
  Akuna 手撕                           1 rows   1 new
  Akuna 校招                          16 rows  15 new
  Akuna 暑期实习                         7 rows   1 new
  Akuna 2026届                        0 rows   0 new
  Akuna 2025届                        0 rows   0 new
  Akuna 量化交易员                        1 rows   0 new
  Akuna 量化研究员                       11 rows   7 new
  Akuna 挂了                           6 rows   3 new
  Akuna 求米                           0 rows   0 new
  Akuna hackerrank                   1 rows   1 new
  Akuna codesignal                   0 rows   0 new
  Akuna 题目                           1 rows   0 new
  Akuna 面试题                          4 rows   0 new
  Akuna 实习面经                         6 rows   0 new
  Akuna 秋招                          13 rows   2 new
  奥可纳 网测                             1 rows   0 new
  奥可纳 手撕                             0 rows   0 new
  奥可纳 校招                             4 rows   0 new
  奥可纳 暑期实习                           1 rows   0 new
  奥可纳 2026届                          0 rows   0 new
  奥可纳 2025届                          0 rows   0 new
  奥可纳 量化交易员                          0 rows   0 new
  奥可纳 量化研究员                          2 rows   0 new
  奥可纳 挂了                             0 rows   0 new
  奥可纳 求米                             0 rows   0 new
  奥可纳 hackerrank                     0 rows   0 new
  奥可纳 codesignal                     0 rows   0 new
  奥可纳 题目                             0 rows   0 new
  奥可纳 面试题                            0 rows   0 new
  奥可纳 实习面经                           1 rows   0 new
  奥可纳 秋招                             4 rows   0 new
  HRT 网测                             0 rows   0 new
  HRT 手撕                             0 rows   0 new
  HRT 校招                             1 rows   1 new
  HRT 暑期实习                           0 rows   0 new
  HRT 2026届                          0 rows   0 new
  HRT 2025届                          0 rows   0 new
  HRT 量化交易员                          0 rows   0 new
  HRT 量化研究员                          1 rows   0 new
  HRT 挂了                             0 rows   0 new
  HRT 求米                             0 rows   0 new
  HRT hackerrank                     0 rows   0 new
  HRT codesignal                     0 rows   0 new
  HRT 题目                             0 rows   0 new
  HRT 面试题                            0 rows   0 new
  HRT 实习面经                           1 rows   1 new
  HRT 秋招                             0 rows   0 new
  哈德逊 网测                             1 rows   1 new
  哈德逊 手撕                             0 rows   0 new
  哈德逊 校招                             0 rows   0 new
  哈德逊 暑期实习                           0 rows   0 new
  哈德逊 2026届                          0 rows   0 new
  哈德逊 2025届                          0 rows   0 new
  哈德逊 量化交易员                          0 rows   0 new
  哈德逊 量化研究员                          1 rows   0 new
  哈德逊 挂了                             0 rows   0 new
  哈德逊 求米                             0 rows   0 new
  哈德逊 hackerrank                     0 rows   0 new
  哈德逊 codesignal                     0 rows   0 new
  哈德逊 题目                             0 rows   0 new
  哈德逊 面试题                            0 rows   0 new
  哈德逊 实习面经                           0 rows   0 new
  哈德逊 秋招                             1 rows   1 new
  Hudson River Trading 网测            0 rows   0 new
  Hudson River Trading 手撕            0 rows   0 new
  Hudson River Trading 校招            0 rows   0 new
  Hudson River Trading 暑期实习          0 rows   0 new
  Hudson River Trading 2026届         0 rows   0 new
  Hudson River Trading 2025届         0 rows   0 new
  Hudson River Trading 量化交易员         0 rows   0 new
  Hudson River Trading 量化研究员         7 rows   0 new
  Hudson River Trading 挂了            0 rows   0 new
  Hudson River Trading 求米            0 rows   0 new
  Hudson River Trading hackerrank    0 rows   0 new
  Hudson River Trading codesignal    0 rows   0 new
  Hudson River Trading 题目            0 rows   0 new
  Hudson River Trading 面试题           0 rows   0 new
  Hudson River Trading 实习面经          0 rows   0 new
  Hudson River Trading 秋招            0 rows   0 new
  Jump 网测                            1 rows   1 new
  Jump 手撕                            3 rows   3 new
  Jump 校招                           23 rows  23 new
  Jump 暑期实习                          4 rows   3 new
  Jump 2026届                         0 rows   0 new
  Jump 2025届                         0 rows   0 new
  Jump 量化交易员                         0 rows   0 new
  Jump 量化研究员                         8 rows   1 new
  Jump 挂了                            7 rows   7 new
  Jump 求米                            1 rows   1 new
  Jump hackerrank                    0 rows   0 new
  Jump codesignal                    0 rows   0 new
  Jump 题目                           60 rows  53 new
  Jump 面试题                          10 rows   6 new
  Jump 实习面经                         10 rows   3 new
  Jump 秋招                           17 rows   7 new
  光速 网测                              1 rows   1 new
  光速 手撕                             60 rows  60 new
  光速 校招                             58 rows  58 new
  光速 暑期实习                           60 rows  48 new
  光速 2026届                          60 rows  58 new
  光速 2025届                          36 rows  35 new
  光速 量化交易员                           0 rows   0 new
  光速 量化研究员                           1 rows   0 new
  光速 挂了                             60 rows  44 new
  光速 求米                              2 rows   2 new
  光速 hackerrank                      0 rows   0 new
  光速 codesignal                      0 rows   0 new
  光速 题目                             59 rows  44 new
  光速 面试题                            24 rows  20 new
  光速 实习面经                           60 rows  30 new
  光速 秋招                             60 rows  41 new
  DRW 网测                             0 rows   0 new
  DRW 手撕                             0 rows   0 new
  DRW 校招                             0 rows   0 new
  DRW 暑期实习                           0 rows   0 new
  DRW 2026届                          0 rows   0 new
  DRW 2025届                          0 rows   0 new
  DRW 量化交易员                          0 rows   0 new
  DRW 量化研究员                          7 rows   0 new
  DRW 挂了                             0 rows   0 new
  DRW 求米                             0 rows   0 new
  DRW hackerrank                     0 rows   0 new
  DRW codesignal                     0 rows   0 new
  DRW 题目                             1 rows   1 new
  DRW 面试题                            0 rows   0 new
  DRW 实习面经                           0 rows   0 new
  DRW 秋招                             0 rows   0 new
  Five Rings 网测                      0 rows   0 new
  Five Rings 手撕                      0 rows   0 new
  Five Rings 校招                      0 rows   0 new
  Five Rings 暑期实习                    0 rows   0 new
  Five Rings 2026届                   0 rows   0 new
  Five Rings 2025届                   0 rows   0 new
  Five Rings 量化交易员                   0 rows   0 new
  Five Rings 量化研究员                   1 rows   0 new
  Five Rings 挂了                      0 rows   0 new
  Five Rings 求米                      0 rows   0 new
  Five Rings hackerrank              0 rows   0 new
  Five Rings codesignal              0 rows   0 new
  Five Rings 题目                      0 rows   0 new
  Five Rings 面试题                     0 rows   0 new
  Five Rings 实习面经                    0 rows   0 new
  Five Rings 秋招                      0 rows   0 new
  五环 网测                              0 rows   0 new
  五环 手撕                              1 rows   1 new
  五环 校招                             53 rows  52 new
  五环 暑期实习                           37 rows  28 new
  五环 2026届                           2 rows   1 new
  五环 2025届                           2 rows   1 new
  五环 量化交易员                           0 rows   0 new
  五环 量化研究员                           2 rows   1 new
  五环 挂了                              6 rows   3 new
  五环 求米                              2 rows   2 new
  五环 hackerrank                      0 rows   0 new
  五环 codesignal                      0 rows   0 new
  五环 题目                             13 rows   5 new
  五环 面试题                             9 rows   6 new
  五环 实习面经                           13 rows   6 new
  五环 秋招                             55 rows  21 new
  Old Mission 网测                     0 rows   0 new
  Old Mission 手撕                     0 rows   0 new
  Old Mission 校招                     0 rows   0 new
  Old Mission 暑期实习                   0 rows   0 new
  Old Mission 2026届                  0 rows   0 new
  Old Mission 2025届                  0 rows   0 new
  Old Mission 量化交易员                  0 rows   0 new
  Old Mission 量化研究员                  1 rows   0 new
  Old Mission 挂了                     0 rows   0 new
  Old Mission 求米                     0 rows   0 new
  Old Mission hackerrank             0 rows   0 new
  Old Mission codesignal             0 rows   0 new
  Old Mission 题目                     0 rows   0 new
  Old Mission 面试题                    1 rows   1 new
  Old Mission 实习面经                   0 rows   0 new
  Old Mission 秋招                     0 rows   0 new
  老任务 网测                            24 rows  24 new
  老任务 手撕                            57 rows  56 new
  老任务 校招                            60 rows  58 new
  老任务 暑期实习                          59 rows  43 new
  老任务 2026届                          2 rows   2 new
  老任务 2025届                          4 rows   4 new
  老任务 量化交易员                          0 rows   0 new
  老任务 量化研究员                          2 rows   1 new
  老任务 挂了                            58 rows  41 new
  老任务 求米                            12 rows  11 new
  老任务 hackerrank                     0 rows   0 new
  老任务 codesignal                     0 rows   0 new
  老任务 题目                            57 rows  38 new
  老任务 面试题                           58 rows  41 new
  老任务 实习面经                          60 rows  29 new
  老任务 秋招                            60 rows  36 new
  Two Sigma 网测                       1 rows   1 new
  Two Sigma 手撕                       1 rows   0 new
  Two Sigma 校招                       6 rows   5 new
  Two Sigma 暑期实习                     2 rows   2 new
  Two Sigma 2026届                    1 rows   0 new
  Two Sigma 2025届                    1 rows   0 new
  Two Sigma 量化交易员                    2 rows   2 new
  Two Sigma 量化研究员                   10 rows   1 new
  Two Sigma 挂了                       2 rows   1 new
  Two Sigma 求米                       1 rows   1 new
  Two Sigma hackerrank               1 rows   0 new
  Two Sigma codesignal               1 rows   0 new
  Two Sigma 题目                      12 rows   9 new
  Two Sigma 面试题                      3 rows   1 new
  Two Sigma 实习面经                     1 rows   0 new
  Two Sigma 秋招                       1 rows   0 new
  两西 网测                              9 rows   6 new
  两西 手撕                             57 rows  57 new
  两西 校招                             58 rows  56 new
  两西 暑期实习                           60 rows  53 new
  两西 2026届                           4 rows   4 new
  两西 2025届                           7 rows   6 new
  两西 量化交易员                           0 rows   0 new
  两西 量化研究员                           3 rows   2 new
  两西 挂了                             60 rows  40 new
  两西 求米                             16 rows  12 new
  两西 hackerrank                      0 rows   0 new
  两西 codesignal                      0 rows   0 new
  两西 题目                             60 rows  42 new
  两西 面试题                            57 rows  49 new
  两西 实习面经                           59 rows  33 new
  两西 秋招                             60 rows  39 new
  两西格玛 网测                            0 rows   0 new
  两西格玛 手撕                            1 rows   1 new
  两西格玛 校招                            3 rows   3 new
  两西格玛 暑期实习                          2 rows   1 new
  两西格玛 2026届                         0 rows   0 new
  两西格玛 2025届                         0 rows   0 new
  两西格玛 量化交易员                         0 rows   0 new
  两西格玛 量化研究员                         2 rows   1 new
  两西格玛 挂了                            1 rows   1 new
  两西格玛 求米                            0 rows   0 new
  两西格玛 hackerrank                    0 rows   0 new
  两西格玛 codesignal                    0 rows   0 new
  两西格玛 题目                            3 rows   1 new
  两西格玛 面试题                           1 rows   0 new
  两西格玛 实习面经                          3 rows   0 new
  两西格玛 秋招                            4 rows   2 new
  德劭 网测                              1 rows   0 new
  德劭 手撕                              0 rows   0 new
  德劭 校招                              0 rows   0 new
  德劭 暑期实习                            1 rows   1 new
  德劭 2026届                           0 rows   0 new
  德劭 2025届                           0 rows   0 new
  德劭 量化交易员                           1 rows   0 new
  德劭 量化研究员                          18 rows   8 new
  德劭 挂了                              0 rows   0 new
  德劭 求米                              0 rows   0 new
  德劭 hackerrank                      0 rows   0 new
  德劭 codesignal                      0 rows   0 new
  德劭 题目                              0 rows   0 new
  德劭 面试题                             0 rows   0 new
  德劭 实习面经                            0 rows   0 new
  德劭 秋招                              0 rows   0 new
  DE Shaw 网测                         0 rows   0 new
  DE Shaw 手撕                         0 rows   0 new
  DE Shaw 校招                         2 rows   2 new
  DE Shaw 暑期实习                       0 rows   0 new
  DE Shaw 2026届                      0 rows   0 new
  DE Shaw 2025届                      0 rows   0 new
  DE Shaw 量化交易员                      2 rows   0 new
  DE Shaw 量化研究员                      5 rows   1 new
  DE Shaw 挂了                         0 rows   0 new
  DE Shaw 求米                         0 rows   0 new
  DE Shaw hackerrank                 0 rows   0 new
  DE Shaw codesignal                 0 rows   0 new
  DE Shaw 题目                         0 rows   0 new
  DE Shaw 面试题                        1 rows   0 new
  DE Shaw 实习面经                       1 rows   0 new
  DE Shaw 秋招                         0 rows   0 new
  Citadel Securities 对比 HRT 网测       0 rows   0 new
  Citadel Securities 对比 HRT 手撕       0 rows   0 new
  Citadel Securities 对比 HRT 校招       0 rows   0 new
  Citadel Securities 对比 HRT 暑期实习     0 rows   0 new
  Citadel Securities 对比 HRT 2026届    0 rows   0 new
  Citadel Securities 对比 HRT 2025届    0 rows   0 new
  Citadel Securities 对比 HRT 量化交易员    0 rows   0 new
  Citadel Securities 对比 HRT 量化研究员    1 rows   0 new
  Citadel Securities 对比 HRT 挂了       0 rows   0 new
  Citadel Securities 对比 HRT 求米       0 rows   0 new
  Citadel Securities 对比 HRT hackerrank   0 rows   0 new
  Citadel Securities 对比 HRT codesignal   0 rows   0 new
  Citadel Securities 对比 HRT 题目       0 rows   0 new
  Citadel Securities 对比 HRT 面试题      0 rows   0 new
  Citadel Securities 对比 HRT 实习面经     0 rows   0 new
  Citadel Securities 对比 HRT 秋招       0 rows   0 new
