
227 distinct nowcoder posts -> /workspace/harvest/.nc_cache/_index.json
127 mention a shard firm in title/body
  79808   https://www.nowcoder.com/discuss/503183067545161728 | 【投递链接】 海投 731 家秋招官网投递
  62093   https://www.nowcoder.com/discuss/353156974055464960 | 2021届校园招聘汇总，满足不同求职需求！11月25日更新
  53246   https://www.nowcoder.com/discuss/353159172273414144 | 【实习】互联网实习信息汇总-10月25日更新
  44305   https://www.nowcoder.com/discuss/353156851497902080 | 金融/银行/证券2021校招汇总，11月24日更新
  43852   https://www.nowcoder.com/discuss/353157126082207744 | 各地银行/证券/金融类企业一览
  39304   https://www.nowcoder.com/discuss/353155979133001728 | 2020校招芯片设计工程师面经
  36396   https://www.nowcoder.com/discuss/353148043191066624 | 备战秋招-面经篇
  29793   https://www.nowcoder.com/discuss/560802690679283712 | 最新，955神仙公司名单（完整版）
  29422   https://www.nowcoder.com/discuss/353153972942872576 | 运气流选手的秋招C++面经总结
  27383   https://www.nowcoder.com/discuss/353155275546894336 | 【烦】感觉OJ平台好多啊!!! 各个公司能否统一用一个平台啊
  23970   https://www.nowcoder.com/discuss/353158182681911296 | 【AkunaCapital22届校招】美国金融交易公司
  21072   https://www.nowcoder.com/discuss/434715907903008768 | 秋招面经分享
  17476   https://www.nowcoder.com/discuss/353154366230175744 | 总结一下春招（附面经）
  13164   https://www.nowcoder.com/discuss/353156642218909696 | 【思勰投资】上海量化对冲基金2021届校招内推、往届生社招
  10024   https://www.nowcoder.com/discuss/353155595832336384 | 【单品月流水过亿游戏厂商】诗悦网络2020春招补录官方内推码
  8784    https://www.nowcoder.com/discuss/353156865162944512 | 校招速报8.31 | 新增26家公司校招日程，今日6家笔试
  8350    https://www.nowcoder.com/discuss/353154348949643264 | 【实习留用】顶尖金融量化交易团队招聘（上海）
  8168    https://www.nowcoder.com/discuss/377611829906878464 | 微软offer养成计之笔经分享
  7532    https://www.nowcoder.com/discuss/353157497731096576 | 城堡hk量化实习两轮电面挂经
  7050    https://www.nowcoder.com/discuss/353153964797534208 | Akuna Capital有人onsite面过么
  6372    https://www.nowcoder.com/feed/main/detail/acc03847d30748b89f660613348e1bd2 | 近期投实习破防实录
  6303    https://www.nowcoder.com/discuss/353157454848532480 | 【2021校招】【上海】基本面量化研究员——思勰投资
  6267    https://www.nowcoder.com/discuss/353157879102382080 | Quant-Fintech卓识基金研发招人（全职/实习）
  6059    https://www.nowcoder.com/discuss/580390116066086912 | 量化交易系统简介
  5514    https://www.nowcoder.com/discuss/357190048532496384 | 华为实习泡池子日记，华子你带我走吧！(已完结)
  5218    https://www.nowcoder.com/discuss/377107534111408128 | 965不卷的Akuna Capital2023秋招即将开启！
  4665    https://www.nowcoder.com/discuss/353157393456504832 | 【招聘】【全职/实习】21/22届C++软件开发——思勰投资
  4535    https://www.nowcoder.com/discuss/665499777253064704 | WLB | 955公司资源整理
  3943    https://www.nowcoder.com/discuss/353157104976470016 | 上海思勰投资多岗位社招
  3747    https://www.nowcoder.com/discuss/353154627849887744 | 【校招】C++ Developer-低延迟交易系统
