162 queries
  Akuna                         46 rows  46 new
  Akuna 面经                       8 rows   0 new
  Akuna 笔试                      11 rows   0 new
  Akuna OA                       4 rows   0 new
  Akuna 实习                      16 rows   0 new
  Akuna 量化                      27 rows   0 new
  Akuna 笔经                       1 rows   0 new
  Akuna 面试                      17 rows   0 new
  Akuna 真题                       1 rows   0 new
  akuna capital                 29 rows   0 new
  akuna capital 面经               4 rows   0 new
  akuna capital 笔试               6 rows   0 new
  akuna capital OA               2 rows   0 new
  akuna capital 实习              10 rows   0 new
  akuna capital 量化              24 rows   0 new
  akuna capital 笔经               0 rows   0 new
  akuna capital 面试               9 rows   0 new
  akuna capital 真题               1 rows   0 new
  HRT                            6 rows   6 new
  HRT 面经                         1 rows   0 new
  HRT 笔试                         1 rows   0 new
  HRT OA                         1 rows   0 new
  HRT 实习                         1 rows   0 new
  HRT 量化                         1 rows   0 new
  HRT 笔经                         0 rows   0 new
  HRT 面试                         2 rows   0 new
  HRT 真题                         0 rows   0 new
  Hudson River                  11 rows   1 new
  Hudson River 面经                0 rows   0 new
  Hudson River 笔试                0 rows   0 new
  Hudson River OA                0 rows   0 new
  Hudson River 实习                0 rows   0 new
  Hudson River 量化               11 rows   0 new
  Hudson River 笔经                0 rows   0 new
  Hudson River 面试                0 rows   0 new
  Hudson River 真题                0 rows   0 new
  hudson river trading          11 rows   0 new
  hudson river trading 面经        0 rows   0 new
  hudson river trading 笔试        0 rows   0 new
  hudson river trading OA        0 rows   0 new
  hudson river trading 实习        0 rows   0 new
  hudson river trading 量化       11 rows   0 new
  hudson river trading 笔经        0 rows   0 new
  hudson river trading 面试        0 rows   0 new
  hudson river trading 真题        0 rows   0 new
  Jump Trading                  23 rows  12 new
  Jump Trading 面经                0 rows   0 new
  Jump Trading 笔试                1 rows   0 new
  Jump Trading OA                4 rows   0 new
  Jump Trading 实习                4 rows   0 new
  Jump Trading 量化               14 rows   0 new
  Jump Trading 笔经                0 rows   0 new
  Jump Trading 面试                1 rows   0 new
  Jump Trading 真题                0 rows   0 new
  jump 量化                       16 rows   2 new
  jump 量化 面经                     1 rows   0 new
  jump 量化 笔试                     1 rows   0 new
  jump 量化 OA                     1 rows   0 new
  jump 量化 实习                     4 rows   0 new
  jump 量化 量化                    16 rows   0 new
  jump 量化 笔经                     0 rows   0 new
  jump 量化 面试                     0 rows   0 new
  jump 量化 真题                     0 rows   0 new
  DRW                           19 rows   8 new
  DRW 面经                         0 rows   0 new
  DRW 笔试                         1 rows   0 new
  DRW OA                         0 rows   0 new
  DRW 实习                         0 rows   0 new
  DRW 量化                        11 rows   0 new
  DRW 笔经                         0 rows   0 new
  DRW 面试                         0 rows   0 new
  DRW 真题                         0 rows   0 new
  Five Rings                     1 rows   1 new
  Five Rings 面经                  0 rows   0 new
  Five Rings 笔试                  0 rows   0 new
  Five Rings OA                  1 rows   0 new
  Five Rings 实习                  0 rows   0 new
  Five Rings 量化                  0 rows   0 new
  Five Rings 笔经                  0 rows   0 new
  Five Rings 面试                  0 rows   0 new
  Five Rings 真题                  0 rows   0 new
  fiverings                      0 rows   0 new
  fiverings 面经                   0 rows   0 new
  fiverings 笔试                   0 rows   0 new
  fiverings OA                   0 rows   0 new
  fiverings 实习                   0 rows   0 new
  fiverings 量化                   0 rows   0 new
  fiverings 笔经                   0 rows   0 new
  fiverings 面试                   0 rows   0 new
  fiverings 真题                   0 rows   0 new
  Old Mission                    7 rows   7 new
  Old Mission 面经                 0 rows   0 new
  Old Mission 笔试                 0 rows   0 new
  Old Mission OA                 4 rows   0 new
  Old Mission 实习                 0 rows   0 new
  Old Mission 量化                 0 rows   0 new
  Old Mission 笔经                 0 rows   0 new
  Old Mission 面试                 3 rows   0 new
  Old Mission 真题                 0 rows   0 new
  Two Sigma                     93 rows  81 new
  Two Sigma 面经                   2 rows   0 new
  Two Sigma 笔试                   3 rows   0 new
  Two Sigma OA                  24 rows   0 new
  Two Sigma 实习                   9 rows   0 new
  Two Sigma 量化                  21 rows   0 new
  Two Sigma 笔经                   1 rows   0 new
  Two Sigma 面试                  11 rows   0 new
  Two Sigma 真题                   1 rows   0 new
  twosigma                       0 rows   0 new
  twosigma 面经                    0 rows   0 new
  twosigma 笔试                    0 rows   0 new
  twosigma OA                    0 rows   0 new
  twosigma 实习                    0 rows   0 new
  twosigma 量化                    0 rows   0 new
  twosigma 笔经                    0 rows   0 new
  twosigma 面试                    0 rows   0 new
  twosigma 真题                    0 rows   0 new
  德劭                            49 rows  37 new
  德劭 面经                          0 rows   0 new
  德劭 笔试                          0 rows   0 new
  德劭 OA                          0 rows   0 new
  德劭 实习                          8 rows   0 new
  德劭 量化                         48 rows   0 new
  德劭 笔经                          0 rows   0 new
  德劭 面试                          0 rows   0 new
  德劭 真题                          0 rows   0 new
  DE Shaw                        5 rows   3 new
  DE Shaw 面经                     1 rows   0 new
  DE Shaw 笔试                     0 rows   0 new
  DE Shaw OA                     0 rows   0 new
  DE Shaw 实习                     4 rows   0 new
  DE Shaw 量化                     5 rows   0 new
  DE Shaw 笔经                     0 rows   0 new
  DE Shaw 面试                     2 rows   0 new
  DE Shaw 真题                     0 rows   0 new
  D.E.Shaw                       5 rows   3 new
  D.E.Shaw 面经                    0 rows   0 new
  D.E.Shaw 笔试                    1 rows   0 new
  D.E.Shaw OA                    0 rows   0 new
  D.E.Shaw 实习                    3 rows   0 new
  D.E.Shaw 量化                    5 rows   0 new
  D.E.Shaw 笔经                    0 rows   0 new
  D.E.Shaw 面试                    3 rows   0 new
  D.E.Shaw 真题                    0 rows   0 new
  deshaw                         1 rows   0 new
  deshaw 面经                      0 rows   0 new
  deshaw 笔试                      0 rows   0 new
  deshaw OA                      0 rows   0 new
  deshaw 实习                      0 rows   0 new
  deshaw 量化                      0 rows   0 new
  deshaw 笔经                      0 rows   0 new
  deshaw 面试                      0 rows   0 new
  deshaw 真题                      0 rows   0 new
  两西格玛                          24 rows  20 new
  两西格玛 面经                        5 rows   0 new
  两西格玛 笔试                        3 rows   0 new
  两西格玛 OA                        0 rows   0 new
  两西格玛 实习                        7 rows   0 new
  两西格玛 量化                        5 rows   0 new
  两西格玛 笔经                        1 rows   0 new
  两西格玛 面试                        9 rows   0 new
  两西格玛 真题                        0 rows   0 new
