account                     rec  items/d   peak   hrs  subs medgap  thr% langs MACH first
hocobozos                     8     1.83    977    24   845   64.0  0.01     1  YES 2022-05-20
chocolate_asshole             1   194.12    465    24    64   51.0  0.00     4  YES 2026-03-13
OkSadMathematician            1    22.62    226    11    62     27  0.27     4      2025-08-16
0xCUBE                        1     4.33     79     4     2   23.5  0.29     0      2021-11-16
darnforgotmypassword          1     1.10     64     9     2    177  0.21     1      2015-11-13
stefano31214                  1     0.73     58     7     1    182  0.50     0      2021-04-02
jhwyz                         5     0.59     53     7     2  161.5  0.37     1      2022-02-14
Jratiff92                     1     0.21     48     7    11    214  0.14     0      2020-11-19
Sven9888                      1     3.21     48    13     3    341  0.36     0      2018-05-06
NeighborhoodOutside9          1     0.16     46     9     8    179  0.39     0      2021-02-16
weIBnow                       1     0.54     45     5     1  215.5  0.41     0      2020-05-04
rsha256                       1     2.39     43     8     2  110.5  0.25     0      2020-04-13
gargar070402                  2     2.88     41    10     8  342.5  0.29     1      2017-06-20
th25cc                        1     0.34     41     8     2  412.0  0.28     0      2014-06-23
Fun-Aspect6276                1     0.23     40     9     1    235  0.33     0      2024-02-28
big_clout                     1     0.56     40    11     2    298  0.18     1      2018-08-25
QuantGrindApp                 1     7.75     38    11     6    220  0.27     0      2026-05-23
n0obmaster699                 1     1.17     36     7     7    161  0.37     0      2020-08-13
8bit-Corno                    2     0.29     30     5     1    165  0.29     1      2013-12-15
HussarL                       2     1.21     30     8     4    571  0.30     1      2023-02-11
csbsms                        1     0.22     29     7     3  420.5  0.32     0      2017-12-28
TheClashofClans1              1     0.04     27     4     1  160.5  0.16     0      2020-06-30
fysmoe1121                    1     1.61     27    12     3  804.0  0.17     0      2020-09-23
Leader-board                  5     2.82     25    10     7  689.5  0.24     0      2019-12-05
Holiday-Intention451          1     0.62     23     8     4  243.5  0.35     0      2023-11-19
BilindaButcherSOM             1     2.24     22     5     4    218  0.25     0      2023-02-06
chandlerbing__                1     0.37     21     7     1  364.5  0.25     0      2020-01-09
IntegralSolver69              1     2.12     20     7     2    391  0.17     2      2023-04-02
kunriuss                      3     0.20     20     5     1    140  0.32     0      2019-12-02
bleakyyy                      1     0.40     17     8     2  831.5  0.20     0      2014-02-18
No-Cattle-9939                1     0.14     16     6     2    318  0.37     0      2022-08-04
SidKT746                      4     0.11     16     3     1    271  0.46     0      2020-11-04
Nero-Tulip                    4     0.19     15     5     3   78.5  0.15     0      2022-04-29
No1TaylorSwiftFan             1     0.18     15     8     2 1611.5  0.26     0      2014-09-01
Upstairs-Schedule240          1     4.45     15     5     7  384.0  0.11     0      2026-07-24
itschaboy___                  1     0.32     15     9     4 1449.0  0.15     0      2014-02-24
Affectionate_Hat_308          1     0.06     14     3     1    351  0.41     0      2021-10-28
PostCalzoneOwO                2     0.23     14     7     1    538  0.18     0      2018-05-27
Sufficient_Damage_77          1     0.09     13     5     2  633.0  0.17     0      2021-06-24
sachichino1111                1     0.62     13     6     7 1082.5  0.17     0      2021-02-14
Formal-Region-6894            3     0.37     12     7     1   2894  0.31     0      2024-05-28
Luca_I                        1     0.09     12     3     1    250  0.34     0      2017-02-12
Otherwise_Limit_2190          1     0.03     12     3     1     61  0.16     0      2021-05-11
TheOGBunnyPilot               1     0.06     12     7     5    468  0.11     0      2020-06-11
two_sigma_niga                2     0.81     12     5     3    183  0.24     1      2020-08-16
BothMarionberry8063           1     0.52     11     5     3  477.5  0.22     0      2025-03-26
landau007                     1     0.03     11     8     2 2508.0  0.09     0      2014-03-08
ArgumentLow4169               1     0.06     10     5     1   1365  0.22     0      2022-03-30
GreenSoft2                    2     0.07      9     5     4 1658.5  0.28     0      2019-09-24
StatArbFinance                1     0.22      9     3     2  600.0  0.51     0      2018-06-24
is_quant                      1     0.11      9     2     1  458.5  0.21     0      2020-11-08
mitch_hedbergs_cat            1     0.88      9     4     2  967.5  0.28     0      2024-01-23
Prestigious-Way9249           1     0.04      8     2     3    203  0.33     0      2023-11-27
TimeGone43                    1     0.12      8     7     5   3605  0.30     0      2020-01-07
cream_cheese_gutter           1     0.25      8     3     2    406  0.24     0      2025-08-18
risioso                       1     0.03      8     3     2    431  0.75     0      2024-03-18
Agreeable-Medium7191          1     0.08      7     3     3  414.5  0.38     0      2024-11-02
Enough_Hospital9224           1     0.06      7     3     1  425.5  0.43     0      2024-09-15
Longjumping-Net-7889          1     0.10      7     3     1  838.5  0.16     0      2023-10-04
Majestic_Spirit_1959          1     0.09      7     5     3 1488.0  0.18     0      2020-08-07
SizeSea7029                   1     0.03      7     2     1  416.5  0.43     0      2023-06-03
Specific-Serve-2324           1     0.91      7     3     2 1025.0  0.32     0      2026-06-12
nullnotfound2                 1     4.01      7     3     7  877.5  0.00     0      2026-06-09
444amnsc                      1     0.19      6     5     3   2199  0.16     1      2024-04-11
AnimalCandid823               2     0.22      6     3     1    637  0.14     1      2020-08-12
BoardCardBox                  1     0.02      6     3     1    264  0.65     0      2020-08-19
DeeplyEquable                 1     1.53      6     3     2   1392  0.26     0      2026-07-02
Emotional_Mouse1158           1     0.02      6     4     1   1349  0.36     0      2023-07-18
OofBoof112                    1     0.03      6     1     2    210  0.21     0      2019-06-25
RiemannsDream                 1     0.04      6     3     1    495  0.11     0      2021-01-30
Zealousideal-Fig9666          1     0.17      6     4     1   2076  0.27     0      2026-03-01
future_gcp_poweruser          1     0.03      6     2     1    325  0.32     0      2021-03-03
thec_oder                     1     0.07      6     3     1   2389  0.23     0      2023-06-02
DistinctlyUndistinct          1     0.02      5     3     3 4822.5  0.20     0      2021-08-21
Gwfpl                         1     0.06      5     3     1 1008.0  0.12     0      2018-04-23
National_Buy_6921             1     0.01      5     4     1 5330.5  0.33     0      2023-08-30
Next-Temporary-7115           1     0.07      5     1     2  171.0  0.20     0      2025-09-26
moon-worshipper               1     0.10      5     3     2 3178.0  0.19     0      2021-06-15
Creative-Complex-813          1     0.01      4     2     2    241  0.25     0      2025-02-04
awkerns                       1     0.11      4     1     2    474  0.33     0      2025-07-10
obamadontcare                 1     0.01      4     2     1   1377  0.17     0      2014-03-14
snoopy_priesthood             1     0.45      4     3     2   2362  0.29     0      2026-06-17
Competitive-Age755            1     0.02      3     1     3   87.5  0.00     0      2026-01-02
DINOBOIZ69                    1     0.01      3     3     3 18539.0  0.14     0      2021-06-04
Destined5828                  1     0.01      3     2     1  648.0  0.14     0      2020-08-29
bt1927                        1     0.06      3     3     2 29028.0  0.19     0      2025-04-23
cassava_5                     1     0.22      3     1     1  470.0  0.33     0      2026-04-16
slicethatmango                1     0.05      3     1     1  626.5  0.50     0      2026-02-15
Dramatic-Rub-9185             1     0.01      2     1     1    142  0.57     0      2022-09-25
PillbugWithIssues             2     0.00      2     1     1    982  0.12     0      2020-01-13
joebitching                   1     0.09      2     2     2  17203  0.14     0      2025-12-08
weaklypalecabal               2     0.64      2     2     2  46168  0.38     1      2026-06-25
11AMBoi                       2     1.00      1     1     1   None  0.00     0      2020-10-03
Aychsi                        2     0.00      1     1     1   None  0.17     0      2020-04-22
Michael_900222                1     0.01      1     1     1   None  0.17     0      2022-05-18
Previous-Salary7925           1     1.00      1     1     1   None  0.00     0      2024-04-25
Senior_Shelter7426            1     0.20      1     1     1   None  0.00     0      2026-03-22
SharpPomegranate2868          1     1.00      1     1     1   None  0.00     0      2026-04-28
isac_3236                     1     0.00      1     1     1   None  0.00     0      2019-10-15
