topping up 19 accounts: ['0xCUBE', 'HussarL', 'IntegralSolver69', 'Leader-board', 'OkSadMathematician', 'Sven9888', 'big_clout', 'bleakyyy', 'chocolate_asshole', 'darnforgotmypassword', 'fysmoe1121', 'gargar070402', 'hocobozos', 'itschaboy___', 'n0obmaster699', 'rsha256', 'sachichino1111', 'stefano31214', 'th25cc']
[ 1/19] 0xCUBE                     comments= 6513 posts=  744
[ 2/19] HussarL                    comments= 1311 posts=  220
[ 3/19] IntegralSolver69           comments= 1408 posts=   17
[ 4/19] Leader-board               comments= 6671 posts=  184
[ 5/19] OkSadMathematician         comments= 4330 posts=  117
[ 6/19] Sven9888                   comments= 9000 posts=   95
[ 7/19] big_clout                  comments= 1534 posts=   57
[ 8/19] bleakyyy                   comments= 1508 posts=  300
[ 9/19] chocolate_asshole          comments= 9000 posts=    5
[10/19] darnforgotmypassword       comments= 4074 posts=  201
[11/19] fysmoe1121                 comments= 3155 posts=   79
[12/19] gargar070402               comments= 9000 posts=   55
[13/19] hocobozos                  comments= 1652 posts=  703
[14/19] itschaboy___               comments= 1444 posts=   13
[15/19] n0obmaster699              comments= 2495 posts=   55
[16/19] rsha256                    comments= 5375 posts=  112
[17/19] sachichino1111             comments= 1144 posts=   93
[18/19] stefano31214               comments= 1408 posts=   16
[19/19] th25cc                     comments= 1425 posts=   47
done
