accounts to profile: 99
[  1/99] 0xCUBE                       info=Y comments=1200 posts=744
[  2/99] 11AMBoi                      info=Y comments=1 posts=0
[  3/99] 444amnsc                     info=Y comments=134 posts=21
[  4/99] 8bit-Corno                   info=Y comments=866 posts=154
[  5/99] Affectionate_Hat_308         info=Y comments=87 posts=19
[  6/99] Agreeable-Medium7191         info=Y comments=35 posts=11
[  7/99] AnimalCandid823              info=Y comments=463 posts=18
[  8/99] ArgumentLow4169              info=Y comments=78 posts=23
[  9/99] Aychsi                       info=Y comments=4 posts=3
[ 10/99] BilindaButcherSOM            info=Y comments=656 posts=50
[ 11/99] BoardCardBox                 info=Y comments=30 posts=12
[ 12/99] BothMarionberry8063          info=Y comments=195 posts=62
[ 13/99] Competitive-Age755           info=N comments=3 posts=1
[ 14/99] Creative-Complex-813         info=Y comments=3 posts=3
[ 15/99] DINOBOIZ69                   info=Y comments=22 posts=3
[ 16/99] DeeplyEquable                info=N comments=41 posts=0
[ 17/99] Destined5828                 info=Y comments=11 posts=5
[ 18/99] DistinctlyUndistinct         info=Y comments=40 posts=5
[ 19/99] Dramatic-Rub-9185            info=Y comments=11 posts=2
[ 20/99] Emotional_Mouse1158          info=Y comments=19 posts=4
[ 21/99] Enough_Hospital9224          info=Y comments=12 posts=6
[ 22/99] Formal-Region-6894           info=Y comments=279 posts=15
[ 23/99] Fun-Aspect6276               info=Y comments=147 posts=54
[ 24/99] GreenSoft2                   info=Y comments=136 posts=44
[ 25/99] Gwfpl                        info=Y comments=186 posts=1
[ 26/99] Holiday-Intention451         info=Y comments=406 posts=115
[ 27/99] HussarL                      info=Y comments=1200 posts=220
[ 28/99] IntegralSolver69             info=Y comments=1200 posts=17
[ 29/99] Jratiff92                    info=Y comments=430 posts=16
[ 30/99] Leader-board                 info=Y comments=1200 posts=184
[ 31/99] Longjumping-Net-7889         info=Y comments=85 posts=12
[ 32/99] Luca_I                       info=Y comments=284 posts=5
[ 33/99] Majestic_Spirit_1959         info=Y comments=183 posts=10
[ 34/99] Michael_900222               info=Y comments=8 posts=1
[ 35/99] National_Buy_6921            info=Y comments=5 posts=6
[ 36/99] NeighborhoodOutside9         info=Y comments=217 posts=92
[ 37/99] Nero-Tulip                   info=Y comments=111 posts=0
[ 38/99] Next-Temporary-7115          info=N comments=9 posts=4
[ 39/99] No-Cattle-9939               info=Y comments=141 posts=50
[ 40/99] No1TaylorSwiftFan            info=Y comments=610 posts=16
[ 41/99] OkSadMathematician           info=N comments=1200 posts=117
[ 42/99] OofBoof112                   info=Y comments=33 posts=13
[ 43/99] Otherwise_Limit_2190         info=Y comments=39 posts=15
[ 44/99] PillbugWithIssues            info=Y comments=9 posts=0
[ 45/99] PostCalzoneOwO               info=Y comments=454 posts=39
[ 46/99] Prestigious-Way9249          info=Y comments=21 posts=9
[ 47/99] Previous-Salary7925          info=Y comments=1 posts=0
[ 48/99] QuantGrindApp                info=N comments=531 posts=2
[ 49/99] RiemannsDream                info=Y comments=72 posts=9
[ 50/99] Senior_Shelter7426           info=N comments=25 posts=1
[ 51/99] SharpPomegranate2868         info=N comments=1 posts=0
[ 52/99] SidKT746                     info=Y comments=175 posts=56
[ 53/99] SizeSea7029                  info=Y comments=19 posts=12
[ 54/99] Specific-Serve-2324          info=N comments=36 posts=3
[ 55/99] StatArbFinance               info=Y comments=76 posts=8
[ 56/99] Sufficient_Damage_77         info=Y comments=143 posts=23
[ 57/99] Sven9888                     info=Y comments=1200 posts=95
[ 58/99] TheClashofClans1             info=Y comments=81 posts=11
[ 59/99] TheOGBunnyPilot              info=Y comments=87 posts=15
[ 60/99] TimeGone43                   info=Y comments=190 posts=97
[ 61/99] Upstairs-Schedule240         info=N comments=23 posts=4
[ 62/99] Zealousideal-Fig9666         info=N comments=17 posts=6
[ 63/99] awkerns                      info=Y comments=29 posts=4
[ 64/99] big_clout                    info=Y comments=1200 posts=57
[ 65/99] bleakyyy                     info=Y comments=1200 posts=300
[ 66/99] bt1927                       info=Y comments=14 posts=5
[ 67/99] cassava_5                    info=N comments=5 posts=3
[ 68/99] chandlerbing__               info=Y comments=646 posts=210
[ 69/99] chocolate_asshole            info=N comments=1200 posts=5
[ 70/99] cream_cheese_gutter          info=Y comments=52 posts=32
[ 71/99] csbsms                       info=Y comments=440 posts=16
[ 72/99] darnforgotmypassword         info=Y comments=1200 posts=201
[ 73/99] future_gcp_poweruser         info=Y comments=15 posts=17
[ 74/99] fysmoe1121                   info=Y comments=1200 posts=79
[ 75/99] gargar070402                 info=Y comments=1200 posts=55
[ 76/99] hocobozos                    info=Y comments=1200 posts=703
[ 77/99] is_quant                     info=Y comments=171 posts=3
[ 78/99] isac_3236                    info=Y comments=2 posts=0
[ 79/99] itschaboy___                 info=Y comments=1200 posts=13
[ 80/99] jhwyz                        info=Y comments=701 posts=264
[ 81/99] joebitching                  info=N comments=15 posts=1
[ 82/99] kunriuss                     info=Y comments=356 posts=26
[ 83/99] landau007                    info=Y comments=78 posts=68
[ 84/99] mitch_hedbergs_cat           info=Y comments=323 posts=1
[ 85/99] moon-worshipper              info=Y comments=148 posts=35
[ 86/99] n0obmaster699                info=Y comments=1200 posts=55
[ 87/99] nullnotfound2                info=N comments=27 posts=1
[ 88/99] obamadontcare                info=Y comments=15 posts=1
[ 89/99] risioso                      info=Y comments=22 posts=5
[ 90/99] rsha256                      info=Y comments=1200 posts=112
[ 91/99] sachichino1111               info=Y comments=1144 posts=93
[ 92/99] slicethatmango               info=N comments=7 posts=0
[ 93/99] snoopy_priesthood            info=N comments=18 posts=0
[ 94/99] stefano31214                 info=Y comments=1200 posts=16
[ 95/99] th25cc                       info=Y comments=1200 posts=47
[ 96/99] thec_oder                    info=Y comments=57 posts=20
[ 97/99] two_sigma_niga               info=Y comments=563 posts=22
[ 98/99] weIBnow                      info=Y comments=458 posts=98
[ 99/99] weaklypalecabal              info=N comments=22 posts=0
done
