quantfinance/'interview question' -> +100 total=100
quantfinance/'oa question' -> +2 total=102
quantfinance/'online assessment' -> +16 total=118
quantfinance/'interview questions' -> +56 total=172
quantfinance/'superday' -> +51 total=223
quantfinance/'trading game' -> +1 total=224
quantfinance/'phone interview' -> +14 total=238
quantfinance/'first round' -> +54 total=292
quantfinance/'mental math' -> +14 total=306
quantfinance/'interview experience' -> +17 total=322
quantfinance/'oa' -> +100 total=421
quantfinance/'assessment' -> +68 total=473
quant/'interview question' -> +38 total=511
quant/'oa question' -> +3 total=514
quant/'online assessment' -> +28 total=542
quant/'interview questions' -> +69 total=607
quant/'superday' -> +39 total=646
quant/'trading game' -> +12 total=658
quant/'phone interview' -> +28 total=685
quant/'first round' -> +24 total=706
quant/'mental math' -> +71 total=777
quant/'interview experience' -> +24 total=799
quant/'oa' -> +100 total=894
quant/'assessment' -> +100 total=964
FinancialCareers/'interview question' -> +100 total=1064
FinancialCareers/'oa question' -> +0 total=1064
FinancialCareers/'online assessment' -> +76 total=1140
FinancialCareers/'interview questions' -> +100 total=1239
FinancialCareers/'superday' -> +100 total=1339
FinancialCareers/'trading game' -> +6 total=1345
FinancialCareers/'phone interview' -> +100 total=1443
FinancialCareers/'first round' -> +100 total=1541
FinancialCareers/'mental math' -> +32 total=1573
FinancialCareers/'interview experience' -> +100 total=1669
FinancialCareers/'oa' -> +32 total=1700
FinancialCareers/'assessment' -> +100 total=1784
csMajors/'interview question' -> +100 total=1884
csMajors/'oa question' -> +83 total=1967
csMajors/'online assessment' -> +100 total=2067
csMajors/'interview questions' -> +100 total=2167
csMajors/'superday' -> +100 total=2267
csMajors/'trading game' -> +1 total=2268
csMajors/'phone interview' -> +0 total=2268
csMajors/'first round' -> +100 total=2365
csMajors/'mental math' -> +4 total=2369
csMajors/'interview experience' -> +100 total=2466
csMajors/'oa' -> +100 total=2564
csMajors/'assessment' -> +100 total=2652
cscareerquestions/'interview question' -> +100 total=2752
cscareerquestions/'oa question' -> +26 total=2778
cscareerquestions/'online assessment' -> +100 total=2878
cscareerquestions/'interview questions' -> +100 total=2978
cscareerquestions/'superday' -> +100 total=3078
cscareerquestions/'trading game' -> +1 total=3079
cscareerquestions/'phone interview' -> +100 total=3175
cscareerquestions/'first round' -> +100 total=3275
cscareerquestions/'mental math' -> +3 total=3278
cscareerquestions/'interview experience' -> +0 total=3278
cscareerquestions/'oa' -> +100 total=3376
cscareerquestions/'assessment' -> +100 total=3464
quantfinancecareers/'interview question' -> +0 total=3464
quantfinancecareers/'oa question' -> +0 total=3464
quantfinancecareers/'online assessment' -> +0 total=3464
quantfinancecareers/'interview questions' -> +0 total=3464
quantfinancecareers/'superday' -> +0 total=3464
quantfinancecareers/'trading game' -> +0 total=3464
quantfinancecareers/'phone interview' -> +0 total=3464
quantfinancecareers/'first round' -> +0 total=3464
quantfinancecareers/'mental math' -> +0 total=3464
quantfinancecareers/'interview experience' -> +0 total=3464
quantfinancecareers/'oa' -> +0 total=3464
quantfinancecareers/'assessment' -> +0 total=3464
algotrading/'interview question' -> +4 total=3468
algotrading/'oa question' -> +0 total=3468
algotrading/'online assessment' -> +0 total=3468
algotrading/'interview questions' -> +9 total=3477
algotrading/'superday' -> +0 total=3477
algotrading/'trading game' -> +19 total=3496
algotrading/'phone interview' -> +0 total=3496
algotrading/'first round' -> +0 total=3496
algotrading/'mental math' -> +1 total=3497
algotrading/'interview experience' -> +0 total=3497
algotrading/'oa' -> +0 total=3497
algotrading/'assessment' -> +9 total=3506
