www.reddit.com/r/quantfinance/comments/1gqef21/sig_quant_interview_problem/  snaps=2 ok=2
    20250726201312 -> 200 (101394B)
    20250726201320 -> 200 (101429B)
www.reddit.com/r/quantfinance/comments/1f0vq12/jane_street_quant_interview_question_modified/  snaps=1 ok=1
    20250806004157 -> 200 (116193B)
www.reddit.com/r/quantfinance/comments/1gc8shm/citadel_live_mathematical_assessment_intern_help/  snaps=1 ok=1
    20241208165651 -> 200 (126285B)
www.reddit.com/r/quantfinance/comments/1ggghda/game_theory_interview_question/  snaps=1 ok=1
    20241216145443 -> 200 (115677B)
www.reddit.com/r/quant/comments/18ew6eq/sig_problem_solving_test/  snaps=1 ok=1
    20250119062117 -> 200 (107214B)
www.reddit.com/r/quant/comments/144mmv3/the_sig_problem_solving_assessment/  snaps=1 ok=1
    20230608220706 -> 200 (284876B)
www.reddit.com/r/quant/comments/sakc1r/sig_online_assessment/  snaps=1 ok=1
    20220123034706 -> 200 (636615B)
www.reddit.com/r/quant/comments/xqra66/sig_quantitative_assessment_2023/  snaps=1 ok=1
    20220929025403 -> 200 (977090B)
www.reddit.com/r/quant/comments/1glb5y2/susquehanna_oa_for_quant_position_what_to_expect/  snaps=1 ok=1
    20250310150848 -> 200 (106124B)
www.reddit.com/r/quant/comments/1gk9j5j/drw_45_minute_assessment_for_quant_trading/  snaps=2 ok=2
    20250321015247 -> 200 (105561B)
    20250327225730 -> 200 (106715B)
www.reddit.com/r/quant/comments/16kgyzc/akuna_oa_for_quant_research_intern/  snaps=1 ok=1
    20230916213235 -> 200 (367969B)
