686183 try1: {"url": "1point3acres.com/bbs/thread-686183-1-1.html", "archived_snapshots": {}}
686183 try2: {"url": "1point3acres.com/bbs/thread-686183-1-1.html", "archived_snapshots": {}}
686183 try3: {"url": "1point3acres.com/bbs/thread-686183-1-1.html", "archived_snapshots": {}}
1042392 try1: <html><body><h1>429 Too Many Requests</h1>
You have sent too many requests in a given amount of time.
</body></html>
1042392 try2: <html><body><h1>429 Too Many Requests</h1>
You have sent too many requests in a given amount of time.
</body></html>
1042392 try3: <html><body><h1>429 Too Many Requests</h1>
You have sent too many requests in a given amount of time.
</body></html>
1118978 try1: <html><body><h1>429 Too Many Requests</h1>
You have sent too many requests in a given amount of time.
</body></html>
1118978 try2: <html><body><h1>429 Too Many Requests</h1>
You have sent too many requests in a given amount of time.
</body></html>
1118978 try3: <html><body><h1>429 Too Many Requests</h1>
You have sent too many requests in a given amount of time.
</body></html>
1147508 try1: <html><body><h1>429 Too Many Requests</h1>
You have sent too many requests in a given amount of time.
</body></html>
1147508 try2: <html><body><h1>429 Too Many Requests</h1>
You have sent too many requests in a given amount of time.
</body></html>
1147508 try3: <html><body><h1>429 Too Many Requests</h1>
You have sent too many requests in a given amount of time.
</body></html>
DONE
