OK 74697B https://www.wallstreetoasis.com/company/akuna-capital-llc/interview?page=1
OK 74568B https://www.wallstreetoasis.com/company/akuna-capital-llc/interview?page=2
OK 74650B https://www.wallstreetoasis.com/company/akuna-capital-llc/interview?page=3
OK 74644B https://www.wallstreetoasis.com/company/akuna-capital-llc/interview?page=4
OK 74607B https://www.wallstreetoasis.com/company/akuna-capital-llc/interview?page=5
OK 74585B https://www.wallstreetoasis.com/company/akuna-capital-llc/interview?page=6
OK 74586B https://www.wallstreetoasis.com/company/akuna-capital-llc/interview?page=7
OK 74606B https://www.wallstreetoasis.com/company/akuna-capital-llc/interview?page=8
OK 74565B https://www.wallstreetoasis.com/company/akuna-capital-llc/interview?page=9
OK 74514B https://www.wallstreetoasis.com/company/akuna-capital-llc/interview?page=10
OK 74571B https://www.wallstreetoasis.com/company/akuna-capital-llc/interview?page=11
OK 74476B https://www.wallstreetoasis.com/company/akuna-capital-llc/interview?page=12
OK 74523B https://www.wallstreetoasis.com/company/akuna-capital-llc/interview?page=13
OK 74595B https://www.wallstreetoasis.com/company/akuna-capital-llc/interview?page=14
OK 74721B https://www.wallstreetoasis.com/company/akuna-capital-llc/interview?page=15
OK 74579B https://www.wallstreetoasis.com/company/akuna-capital-llc/interview?page=16
OK 74549B https://www.wallstreetoasis.com/company/akuna-capital-llc/interview?page=17
OK 74599B https://www.wallstreetoasis.com/company/akuna-capital-llc/interview?page=18
OK 74437B https://www.wallstreetoasis.com/company/akuna-capital-llc/interview?page=19
OK 74466B https://www.wallstreetoasis.com/company/akuna-capital-llc/interview?page=20
OK 74571B https://www.wallstreetoasis.com/company/akuna-capital-llc/interview?page=21
OK 73581B https://www.wallstreetoasis.com/company/akuna-capital-llc/interview?page=22
OK 73499B https://www.wallstreetoasis.com/company/de-shaw/interview?page=1
OK 73570B https://www.wallstreetoasis.com/company/de-shaw/interview?page=2
OK 73602B https://www.wallstreetoasis.com/company/de-shaw/interview?page=3
OK 73458B https://www.wallstreetoasis.com/company/de-shaw/interview?page=4
OK 73530B https://www.wallstreetoasis.com/company/de-shaw/interview?page=5
OK 73535B https://www.wallstreetoasis.com/company/de-shaw/interview?page=6
OK 73432B https://www.wallstreetoasis.com/company/de-shaw/interview?page=7
OK 73500B https://www.wallstreetoasis.com/company/de-shaw/interview?page=8
OK 72343B https://www.wallstreetoasis.com/company/de-shaw/interview?page=9
OK 70091B https://www.wallstreetoasis.com/company/drw/interview?page=1
OK 72327B https://www.wallstreetoasis.com/company/drw/interview?page=2
OK 72360B https://www.wallstreetoasis.com/company/drw/interview?page=3
OK 72659B https://www.wallstreetoasis.com/company/drw/interview?page=4
OK 72418B https://www.wallstreetoasis.com/company/drw/interview?page=5
OK 72264B https://www.wallstreetoasis.com/company/drw/interview?page=6
OK 72382B https://www.wallstreetoasis.com/company/drw/interview?page=7
OK 71104B https://www.wallstreetoasis.com/company/drw/interview?page=8
OK 73406B https://www.wallstreetoasis.com/company/five-rings-capital-llc/interview?page=1
OK 73323B https://www.wallstreetoasis.com/company/five-rings-capital-llc/interview?page=2
OK 73167B https://www.wallstreetoasis.com/company/five-rings-capital-llc/interview?page=3
OK 73374B https://www.wallstreetoasis.com/company/five-rings-capital-llc/interview?page=4
OK 71675B https://www.wallstreetoasis.com/company/five-rings-capital-llc/interview?page=5
OK 74300B https://www.wallstreetoasis.com/company/two-sigma-investments/interview?page=1
OK 74151B https://www.wallstreetoasis.com/company/two-sigma-investments/interview?page=2
OK 74086B https://www.wallstreetoasis.com/company/two-sigma-investments/interview?page=3
OK 73680B https://www.wallstreetoasis.com/company/two-sigma-investments/interview?page=4
OK 72298B https://www.wallstreetoasis.com/company/hudson-river-trading-llc/interview?page=1
OK 71532B https://www.wallstreetoasis.com/company/hudson-river-trading-llc/interview?page=2
OK 74047B https://www.wallstreetoasis.com/company/jump-trading/interview?page=1
OK 76440B https://www.wallstreetoasis.com/company/old-mission-capital/interview?page=1
ALLDONE
