OK 63058B https://www.wallstreetoasis.com/company/akuna-capital-llc/interview/junior-quant-trader-0
OK 62855B https://www.wallstreetoasis.com/company/akuna-capital-llc/interview/junior-trader-42
OK 62932B https://www.wallstreetoasis.com/company/akuna-capital-llc/interview/junior-trader-44
OK 62909B https://www.wallstreetoasis.com/company/akuna-capital-llc/interview/junior-trader-47
OK 63044B https://www.wallstreetoasis.com/company/akuna-capital-llc/interview/junior-trader-48
OK 63447B https://www.wallstreetoasis.com/company/akuna-capital-llc/interview/junior-trader-49
OK 63370B https://www.wallstreetoasis.com/company/akuna-capital-llc/interview/quant-developer-1
OK 63577B https://www.wallstreetoasis.com/company/akuna-capital-llc/interview/quant-researcher-intern-1
OK 63169B https://www.wallstreetoasis.com/company/akuna-capital-llc/interview/quantitative-research-intern
OK 63039B https://www.wallstreetoasis.com/company/akuna-capital-llc/interview/quantitative-trader-3
OK 62823B https://www.wallstreetoasis.com/company/de-shaw/interview/associate-0
OK 63168B https://www.wallstreetoasis.com/company/de-shaw/interview/compliance-analyst-0
OK 63132B https://www.wallstreetoasis.com/company/de-shaw/interview/fundamental-equities-intern
OK 63171B https://www.wallstreetoasis.com/company/de-shaw/interview/fundamental-research-analyst-intern-1
OK 62998B https://www.wallstreetoasis.com/company/de-shaw/interview/fundamental-summer-analyst
OK 62838B https://www.wallstreetoasis.com/company/de-shaw/interview/rotational-associates
OK 62744B https://www.wallstreetoasis.com/company/de-shaw/interview/sbd
OK 63023B https://www.wallstreetoasis.com/company/de-shaw/interview/sbd-intern-0
OK 63152B https://www.wallstreetoasis.com/company/de-shaw/interview/strategy-and-business-development-intern-0
OK 62943B https://www.wallstreetoasis.com/company/de-shaw/interview/summer-intern-0
OK 62352B https://www.wallstreetoasis.com/company/drw/interview/full-time
OK 62488B https://www.wallstreetoasis.com/company/drw/interview/qt-intern
OK 62547B https://www.wallstreetoasis.com/company/drw/interview/quant-intern
OK 62572B https://www.wallstreetoasis.com/company/drw/interview/quant-intern-0
OK 62443B https://www.wallstreetoasis.com/company/drw/interview/quant-researcher-2
OK 62529B https://www.wallstreetoasis.com/company/drw/interview/quant-trading-analyst-0
OK 62674B https://www.wallstreetoasis.com/company/drw/interview/quant-trading-intern-2
OK 62935B https://www.wallstreetoasis.com/company/drw/interview/software-engineering-intern-0
OK 62579B https://www.wallstreetoasis.com/company/drw/interview/trader-intern-1
OK 62438B https://www.wallstreetoasis.com/company/drw/interview/trading-intern-7
OK 62910B https://www.wallstreetoasis.com/company/five-rings-capital-llc/interview/intern-1
OK 62987B https://www.wallstreetoasis.com/company/five-rings-capital-llc/interview/intern-2
OK 63010B https://www.wallstreetoasis.com/company/five-rings-capital-llc/interview/qr-internship
OK 63211B https://www.wallstreetoasis.com/company/five-rings-capital-llc/interview/quant-trader-1
OK 63276B https://www.wallstreetoasis.com/company/five-rings-capital-llc/interview/quant-trading-intern-0
OK 63257B https://www.wallstreetoasis.com/company/five-rings-capital-llc/interview/quantitative-trading-intern-0
OK 63246B https://www.wallstreetoasis.com/company/five-rings-capital-llc/interview/tactical-developer
OK 63218B https://www.wallstreetoasis.com/company/five-rings-capital-llc/interview/trader-intern
OK 63239B https://www.wallstreetoasis.com/company/five-rings-capital-llc/interview/trading-intern-13
OK 63115B https://www.wallstreetoasis.com/company/five-rings-capital-llc/interview/trading-intern-9
OK 63247B https://www.wallstreetoasis.com/company/hudson-river-trading-llc/interview/algo-developer
OK 63247B https://www.wallstreetoasis.com/company/hudson-river-trading-llc/interview/algorithm-developer-0
OK 63383B https://www.wallstreetoasis.com/company/hudson-river-trading-llc/interview/algorithm-development-internship-0
OK 63324B https://www.wallstreetoasis.com/company/hudson-river-trading-llc/interview/campus-algo-dev
OK 63097B https://www.wallstreetoasis.com/company/hudson-river-trading-llc/interview/developer
OK 62893B https://www.wallstreetoasis.com/company/hudson-river-trading-llc/interview/engineer
OK 62898B https://www.wallstreetoasis.com/company/hudson-river-trading-llc/interview/intern-1
OK 63083B https://www.wallstreetoasis.com/company/hudson-river-trading-llc/interview/quant-research-intern
OK 62995B https://www.wallstreetoasis.com/company/hudson-river-trading-llc/interview/summer-intern
OK 62924B https://www.wallstreetoasis.com/company/hudson-river-trading-llc/interview/summeriintern
OK 62597B https://www.wallstreetoasis.com/company/jump-trading/interview/algo-trader
OK 63441B https://www.wallstreetoasis.com/company/jump-trading/interview/algorithmic-trading-intern
OK 62694B https://www.wallstreetoasis.com/company/jump-trading/interview/jump-trading
OK 62984B https://www.wallstreetoasis.com/company/jump-trading/interview/quant-research-intern
OK 62812B https://www.wallstreetoasis.com/company/jump-trading/interview/quant-research-intern-0
OK 62778B https://www.wallstreetoasis.com/company/jump-trading/interview/quant-researcher
OK 63073B https://www.wallstreetoasis.com/company/jump-trading/interview/quantitative-research
OK 63046B https://www.wallstreetoasis.com/company/jump-trading/interview/quantitative-researcher-intern
OK 62895B https://www.wallstreetoasis.com/company/jump-trading/interview/quantitative-researcher-interview
OK 62957B https://www.wallstreetoasis.com/company/jump-trading/interview/software-development-internship
OK 64237B https://www.wallstreetoasis.com/company/old-mission-capital/interview/floor-trader
OK 63129B https://www.wallstreetoasis.com/company/old-mission-capital/interview/junior-quant-trader
OK 63456B https://www.wallstreetoasis.com/company/old-mission-capital/interview/quant-trader
OK 63440B https://www.wallstreetoasis.com/company/old-mission-capital/interview/quant-trading-intern
OK 63198B https://www.wallstreetoasis.com/company/old-mission-capital/interview/quantitative-research-intern
OK 63466B https://www.wallstreetoasis.com/company/old-mission-capital/interview/senior-software-engineer
OK 62955B https://www.wallstreetoasis.com/company/old-mission-capital/interview/trader-0
OK 62903B https://www.wallstreetoasis.com/company/old-mission-capital/interview/trader-intern
OK 62927B https://www.wallstreetoasis.com/company/old-mission-capital/interview/trading-intern-2
OK 62961B https://www.wallstreetoasis.com/company/old-mission-capital/interview/trading-intern-3
OK 63053B https://www.wallstreetoasis.com/company/two-sigma-investments/interview/ai-research-scientist
OK 63146B https://www.wallstreetoasis.com/company/two-sigma-investments/interview/junior-quant-researcher
OK 62880B https://www.wallstreetoasis.com/company/two-sigma-investments/interview/none
OK 63449B https://www.wallstreetoasis.com/company/two-sigma-investments/interview/product-and-capital-strategy-intern
OK 62813B https://www.wallstreetoasis.com/company/two-sigma-investments/interview/qr-intern
OK 63157B https://www.wallstreetoasis.com/company/two-sigma-investments/interview/quant-research-intern
OK 63102B https://www.wallstreetoasis.com/company/two-sigma-investments/interview/quant-research-intern-0
OK 63145B https://www.wallstreetoasis.com/company/two-sigma-investments/interview/quantitative-researcher-5
OK 63131B https://www.wallstreetoasis.com/company/two-sigma-investments/interview/researcher
OK 63664B https://www.wallstreetoasis.com/company/two-sigma-investments/interview/software-engineering-intern-1
ALLDONE
