warming 300 unique URLs for 469 records
  fetched 20/300  511s
  fetched 40/300  1024s
  fetched 60/300  1592s
  fetched 80/300  2160s
  fetched 100/300  2729s
  fetched 120/300  3298s
  fetched 140/300  3866s
  fetched 160/300  4435s
  fetched 180/300  5003s
  fetched 200/300  5544s
  fetched 220/300  6084s
  fetched 240/300  6568s
  fetched 260/300  7165s
  fetched 280/300  7734s
  fetched 300/300  8308s
  checked 50/469  8308s
  checked 100/469  8308s
  checked 150/469  8308s
  checked 200/469  8308s
  checked 250/469  8308s
  checked 300/469  8308s
  checked 350/469  8308s
  checked 400/469  8308s
  checked 450/469  8308s

quote gate over 469 records (8308s)
  PASS            18    3.8%
  PARTIAL          1    0.2%
  FAIL            17    3.6%
  UNREACHABLE    433   92.3%

wrote reports/quote_gate.json
